1. Logging in...
Token obtained.
2. Testing chat with 'Need better ways to work'...
Status: 200
Response JSON:
{"access_denied":false,"chat_id":"69d0285b3c9da1e774ba3b4f","query":"Need better ways to work","referenced_docs":["financial_summary.md","turnover_rate.csv"],"response":"\ud83d\udccc **Manual Extraction:**\nAutomation in Vendor Payments: Automating the accounts payable process will reduce human errors, speed up payments, and help reduce overdue payments, which will positively impact cash flow. 3. Employee Cost Optimization: As the headcount grows, consider introducing more flexible benefits packages and using technology to reduce HR administrative costs.\n\n\ud83d\udcca **Supporting Data:**\n- Employee Cost Optimization: As the headcount grows, consider introducing more flexible benefits packages and using technology to reduce HR administrat...\n- month,total_headcount,new_joinings,resignations,terminations,retirements,turnover_rate_pct,voluntary_exit_pct,top_exit_reason 2024-01,406,4,5,1,1,1.23...\n\n\ud83d\udcc2 **Source:** financial_summary.md, turnover_rate.csv","role_info":{"title":"Full system access \u2014 all documents, all users, all logs"},"source":"RAG"}

